<html>
<body>
<pre>
<h1>µVision Build Log</h1>
<h2>Tool Versions:</h2>
IDE-Version: ¦ÌVision V5.22.0.0
Copyright (C) 2016 ARM Ltd and ARM Germany GmbH. All rights reserved.
License Information: ss 779039596@qq.com, ss, LIC=VGXG8-35LJL-30NNC-7K3S7-NW0ZB-VZ2E9
 
Tool Versions:
Toolchain:       MDK-ARM Plus  Version: 5.22
Toolchain Path:  E:\Program Files (x86)\Keil_v5\ARM\ARMCC\Bin
C Compiler:      Armcc.exe V5.06 update 4 (build 422)
Assembler:       Armasm.exe V5.06 update 4 (build 422)
Linker/Locator:  ArmLink.exe V5.06 update 4 (build 422)
Library Manager: ArmAr.exe V5.06 update 4 (build 422)
Hex Converter:   FromElf.exe V5.06 update 4 (build 422)
CPU DLL:         SARMCM3.DLL V5.22
Dialog DLL:      DCM.DLL V1.13.9.0
Target DLL:      lmidk-agdi.dll V???
Dialog DLL:      TCM.DLL V1.21.0.0
 
<h2>Project:</h2>
D:\Workspace\zzy_stock\keil\DAC_demo\DAC_demo.uvprojx
Project File Date:  11/14/2021

<h2>Output:</h2>
*** Using Compiler 'V5.06 update 4 (build 422)', folder: 'E:\Program Files (x86)\Keil_v5\ARM\ARMCC\Bin'
Build target 'Target 1'
compiling dac_demo.c...
dac_demo.c(343): warning:  #68-D: integer conversion resulted in a change of sign
  				if (mean_i - mean_i_c < 10 && mean_i - mean_i_c > -10) {
dac_demo.c: 1 warning, 0 errors
linking...
Program Size: Code=8492 RO-data=1140 RW-data=148 ZI-data=972  
FromELF: creating hex file...
".\Objects\DAC_demo.axf" - 0 Error(s), 1 Warning(s).

<h2>Software Packages used:</h2>

Package Vendor: Keil
                http://www.keil.com/pack/Keil.TM4C_DFP.1.1.0.pack
                Keil::Device:Startup:1.0.0
                Texas Instruments Tiva C Series Device Support and Examples
   * Component: Startup Version: 1.0.0

<h2>Collection of Component include folders:</h2>
  D:\Workspace\zzy_stock\keil\DAC_demo\RTE\_Target_1
  E:\Program Files (x86)\Keil_v5\ARM\PACK\Keil\TM4C_DFP\1.1.0\Device\Include\TM4C129

<h2>Collection of Component Files used:</h2>

   * Component: Keil::Device:Startup:1.0.0
      Source file:   Device\Source\system_TM4C129.c
      Include file:  Device\Include\TM4C129\TM4C129.h
      Source file:   Device\Source\ARM\startup_TM4C129.s
Build Time Elapsed:  00:00:00
</pre>
</body>
</html>
